node.exe : npm warn Unknown project config "ELE
CTRON_MIRROR". This will stop working in the ne
xt major version of npm.
位於 C:\Program Files\nodejs\npx.ps1:29 字元:3
+   & $NODE_EXE $NPX_CLI_JS $args
+   ~~~~~~~~~~~~~~~~~~~~~~~~~~~~~
    + CategoryInfo          : NotSpecified: (n 
   pm warn Unknow...version of npm.:String) [  
  ], RemoteException
    + FullyQualifiedErrorId : NativeCommandErr 
   or
 
npm warn Unknown project config "ELECTRON_BUILD
ER_BINARIES_MIRROR". This will stop working in 
the next major version of npm.
npm warn Unknown project config "node-linker". 
This will stop working in the next major versio
n of npm.
src/components/RunningHub/AppLibrarySidebar.tsx(191,66): error TS1005: ':' expected.
src/components/RunningHub/AppLibrarySidebar.tsx(191,70): error TS1381: Unexpected token. Did you mean `{'}'}` or `&rbrace;`?
src/components/RunningHub/AppLibrarySidebar.tsx(203,79): error TS1109: Expression expected.
src/components/RunningHub/AppLibrarySidebar.tsx(258,38): error TS17008: JSX element 'button' has no corresponding closing tag.
src/components/RunningHub/AppLibrarySidebar.tsx(258,161): error TS1382: Unexpected token. Did you mean `{'>'}` or `&gt;`?
src/components/RunningHub/BatchSettingsModal.tsx(145,71): error TS1002: Unterminated string literal.
src/components/RunningHub/BatchSettingsModal.tsx(146,37): error TS1005: '}' expected.
src/components/RunningHub/BatchSettingsModal.tsx(170,50): error TS1002: Unterminated string literal.
src/components/RunningHub/BatchSettingsModal.tsx(171,13): error TS1005: ',' expected.
src/components/RunningHub/BatchSettingsModal.tsx(172,12): error TS1005: ')' expected.
src/components/RunningHub/BatchSettingsModal.tsx(224,84): error TS1382: Unexpected token. Did you mean `{'>'}` or `&gt;`?
src/components/RunningHub/BatchSettingsModal.tsx(224,85): error TS1381: Unexpected token. Did you mean `{'}'}` or `&rbrace;`?
src/components/RunningHub/BatchSettingsModal.tsx(228,23): error TS17002: Expected corresponding JSX closing tag for 'option'.
src/components/RunningHub/BatchSettingsModal.tsx(229,17): error TS1005: '}' expected.
src/components/RunningHub/BatchSettingsModal.tsx(230,13): error TS1381: Unexpected token. Did you mean `{'}'}` or `&rbrace;`?
src/components/RunningHub/BatchSettingsModal.tsx(231,9): error TS1381: Unexpected token. Did you mean `{'}'}` or `&rbrace;`?
src/components/RunningHub/BatchSettingsModal.tsx(244,5): error TS1381: Unexpected token. Did you mean `{'}'}` or `&rbrace;`?
src/components/RunningHub/BatchSettingsModal.tsx(246,37): error TS1382: Unexpected token. Did you mean `{'>'}` or `&gt;`?
src/components/RunningHub/BatchSettingsModal.tsx(246,48): error TS1382: Unexpected token. Did you mean `{'>'}` or `&gt;`?
src/components/RunningHub/BatchSettingsModal.tsx(246,58): error TS1382: Unexpected token. Did you mean `{'>'}` or `&gt;`?
src/components/RunningHub/BatchSettingsModal.tsx(247,44): error TS1382: Unexpected token. Did you mean `{'>'}` or `&gt;`?
src/components/RunningHub/BatchSettingsModal.tsx(248,9): error TS1109: Expression expected.
src/components/RunningHub/BatchSettingsModal.tsx(248,40): error TS1382: Unexpected token. Did you mean `{'>'}` or `&gt;`?
src/components/RunningHub/BatchSettingsModal.tsx(249,13): error TS1109: Expression expected.
src/components/RunningHub/BatchSettingsModal.tsx(249,45): error TS1382: Unexpected token. Did you mean `{'>'}` or `&gt;`?
src/components/RunningHub/BatchSettingsModal.tsx(250,17): error TS1109: Expression expected.
src/components/RunningHub/BatchSettingsModal.tsx(254,13): error TS1381: Unexpected token. Did you mean `{'}'}` or `&rbrace;`?
src/components/RunningHub/BatchSettingsModal.tsx(256,9): error TS1381: Unexpected token. Did you mean `{'}'}` or `&rbrace;`?
src/components/RunningHub/BatchSettingsModal.tsx(257,5): error TS1381: Unexpected token. Did you mean `{'}'}` or `&rbrace;`?
src/components/RunningHub/BatchSettingsModal.tsx(300,71): error TS1003: Identifier expected.
src/components/RunningHub/BatchSettingsModal.tsx(300,74): error TS1382: Unexpected token. Did you mean `{'>'}` or `&gt;`?
src/components/RunningHub/BatchSettingsModal.tsx(300,75): error TS1002: Unterminated string literal.
src/components/RunningHub/BatchSettingsModal.tsx(301,43): error TS17002: Expected corresponding JSX closing tag for 'div'.
src/components/RunningHub/BatchSettingsModal.tsx(304,37): error TS1005: ')' expected.
src/components/RunningHub/BatchSettingsModal.tsx(305,42): error TS1005: ',' expected.
src/components/RunningHub/BatchSettingsModal.tsx(316,37): error TS1005: ',' expected.
src/components/RunningHub/BatchSettingsModal.tsx(319,26): error TS1381: Unexpected token. Did you mean `{'}'}` or `&rbrace;`?
src/components/RunningHub/BatchSettingsModal.tsx(349,15): error TS17002: Expected corresponding JSX closing tag for 'select'.
src/components/RunningHub/BatchSettingsModal.tsx(350,9): error TS1005: ')' expected.
src/components/RunningHub/BatchSettingsModal.tsx(351,5): error TS1109: Expression expected.
src/components/RunningHub/BatchSettingsModal.tsx(352,1): error TS1128: Declaration or statement expected.
src/components/RunningHub/ErrorBoundary.tsx(41,22): error TS17008: JSX element 'p' has no corresponding closing tag.
src/components/RunningHub/ErrorBoundary.tsx(41,97): error TS1382: Unexpected token. Did you mean `{'>'}` or `&gt;`?
src/components/RunningHub/ImageDecoder.tsx(107,30): error TS17008: JSX element 'p' has no corresponding closing tag.
src/components/RunningHub/ImageDecoder.tsx(107,86): error TS1382: Unexpected token. Did you mean `{'>'}` or `&gt;`?
src/components/RunningHub/ImageDecoder.tsx(173,34): error TS17008: JSX element 'p' has no corresponding closing tag.
src/components/RunningHub/ImageDecoder.tsx(173,104): error TS1382: Unexpected token. Did you mean `{'>'}` or `&gt;`?
src/components/RunningHub/ImageDecoder.tsx(187,22): error TS17008: JSX element 'p' has no corresponding closing tag.
src/components/RunningHub/ImageDecoder.tsx(187,55): error TS1382: Unexpected token. Did you mean `{'>'}` or `&gt;`?
src/components/RunningHub/ImageResizer.tsx(227,16): error TS17008: JSX element 'p' has no corresponding closing tag.
src/components/RunningHub/ImageResizer.tsx(227,71): error TS1382: Unexpected token. Did you mean `{'>'}` or `&gt;`?
src/components/RunningHub/ImageResizer.tsx(311,14): error TS17008: JSX element 'p' has no corresponding closing tag.
src/components/RunningHub/ImageResizer.tsx(311,83): error TS1382: Unexpected token. Did you mean `{'>'}` or `&gt;`?
src/components/RunningHub/ImageResizer.tsx(378,36): error TS1005: '}' expected.
src/components/RunningHub/ImageResizer.tsx(378,50): error TS1381: Unexpected token. Did you mean `{'}'}` or `&rbrace;`?
src/components/RunningHub/ImageResizer.tsx(378,51): error TS1381: Unexpected token. Did you mean `{'}'}` or `&rbrace;`?
src/components/RunningHub/ImageResizer.tsx(379,18): error TS1382: Unexpected token. Did you mean `{'>'}` or `&gt;`?
src/components/RunningHub/ImageResizer.tsx(382,12): error TS1381: Unexpected token. Did you mean `{'}'}` or `&rbrace;`?
src/components/RunningHub/ImageResizer.tsx(400,24): error TS17008: JSX element 'span' has no corresponding closing tag.
src/components/RunningHub/ImageResizer.tsx(400,36): error TS1382: Unexpected token. Did you mean `{'>'}` or `&gt;`?
src/components/RunningHub/PayPalButton.tsx(49,72): error TS1002: Unterminated string literal.
src/components/RunningHub/PayPalButton.tsx(70,48): error TS1002: Unterminated string literal.
src/components/RunningHub/PayPalButton.tsx(71,21): error TS1005: ',' expected.
src/components/RunningHub/PayPalButton.tsx(71,46): error TS1005: ')' expected.
src/components/RunningHub/PayPalButton.tsx(94,47): error TS1002: Unterminated string literal.
src/components/RunningHub/PayPalButton.tsx(95,13): error TS1005: ',' expected.
src/components/RunningHub/PayPalButton.tsx(95,38): error TS1005: ')' expected.
src/components/RunningHub/PayPalButton.tsx(108,18): error TS17008: JSX element 'span' has no corresponding closing tag.
src/components/RunningHub/PayPalButton.tsx(108,61): error TS1382: Unexpected token. Did you mean `{'>'}` or `&gt;`?
src/components/RunningHub/PayPalButton.tsx(122,22): error TS17008: JSX element 'span' has no corresponding closing tag.
src/components/RunningHub/PayPalButton.tsx(122,63): error TS1382: Unexpected token. Did you mean `{'>'}` or `&gt;`?
src/components/RunningHub/StepConfig.tsx(175,30): error TS1002: Unterminated string literal.
src/components/RunningHub/StepConfig.tsx(176,7): error TS1005: ',' expected.
src/components/RunningHub/StepConfig.tsx(219,94): error TS1002: Unterminated string literal.
src/components/RunningHub/StepConfig.tsx(282,14): error TS17008: JSX element 'p' has no corresponding closing tag.
src/components/RunningHub/StepConfig.tsx(282,79): error TS1382: Unexpected token. Did you mean `{'>'}` or `&gt;`?
src/components/RunningHub/StepConfig.tsx(477,26): error TS17008: JSX element 'span' has no corresponding closing tag.
src/components/RunningHub/StepConfig.tsx(477,99): error TS1382: Unexpected token. Did you mean `{'>'}` or `&gt;`?
src/components/RunningHub/StepConfig.tsx(481,26): error TS17008: JSX element 'span' has no corresponding closing tag.
src/components/RunningHub/StepConfig.tsx(481,99): error TS1382: Unexpected token. Did you mean `{'>'}` or `&gt;`?
src/components/RunningHub/StepConfig.tsx(587,60): error TS1002: Unterminated string literal.
src/components/RunningHub/StepConfig.tsx(588,44): error TS1002: Unterminated string literal.
src/components/RunningHub/StepConfig.tsx(589,23): error TS1005: '}' expected.
src/components/RunningHub/StepEditor.tsx(331,46): error TS1002: Unterminated string literal.
src/components/RunningHub/StepEditor.tsx(332,17): error TS1005: ',' expected.
src/components/RunningHub/StepEditor.tsx(332,41): error TS1005: ')' expected.
src/components/RunningHub/StepEditor.tsx(360,40): error TS1002: Unterminated string literal.
src/components/RunningHub/StepEditor.tsx(361,13): error TS1005: ',' expected.
src/components/RunningHub/StepEditor.tsx(424,18): error TS17008: JSX element 'h3' has no corresponding closing tag.
src/components/RunningHub/StepEditor.tsx(424,80): error TS1382: Unexpected token. Did you mean `{'>'}` or `&gt;`?
src/components/RunningHub/StepEditor.tsx(450,26): error TS17008: JSX element 'span' has no corresponding closing tag.
src/components/RunningHub/StepEditor.tsx(450,52): error TS1382: Unexpected token. Did you mean `{'>'}` or `&gt;`?
src/components/RunningHub/StepEditor.tsx(455,30): error TS17008: JSX element 'p' has no corresponding closing tag.
src/components/RunningHub/StepEditor.tsx(455,66): error TS1382: Unexpected token. Did you mean `{'>'}` or `&gt;`?
src/components/RunningHub/StepEditor.tsx(513,46): error TS17008: JSX element 'span' has no corresponding closing tag.
src/components/RunningHub/StepEditor.tsx(513,108): error TS1382: Unexpected token. Did you mean `{'>'}` or `&gt;`?
src/components/RunningHub/StepEditor.tsx(581,54): error TS17008: JSX element 'label' has no corresponding closing tag.
src/components/RunningHub/StepEditor.tsx(599,122): error TS1382: Unexpected token. Did you mean `{'>'}` or `&gt;`?
src/components/RunningHub/StepEditor.tsx(600,63): error TS1003: Identifier expected.
src/components/RunningHub/StepEditor.tsx(601,58): error TS1381: Unexpected token. Did you mean `{'}'}` or `&rbrace;`?
src/components/RunningHub/StepEditor.tsx(602,55): error TS17015: Expected corresponding closing tag for JSX fragment.
src/components/RunningHub/StepEditor.tsx(602,60): error TS1382: Unexpected token. Did you mean `{'>'}` or `&gt;`?
src/components/RunningHub/StepEditor.tsx(793,38): error TS17008: JSX element 'span' has no corresponding closing tag.
src/components/RunningHub/StepEditor.tsx(793,144): error TS1382: Unexpected token. Did you mean `{'>'}` or `&gt;`?
src/components/RunningHub/StepResult.tsx(135,14): error TS17008: JSX element 'span' has no corresponding closing tag.
src/components/RunningHub/StepResult.tsx(135,38): error TS1382: Unexpected token. Did you mean `{'>'}` or `&gt;`?
src/components/RunningHub/StepResult.tsx(227,70): error TS1005: ',' expected.
src/components/RunningHub/StepResult.tsx(227,77): error TS1005: ',' expected.
src/components/RunningHub/StepResult.tsx(227,82): error TS1002: Unterminated string literal.
src/components/RunningHub/StepResult.tsx(228,15): error TS1005: ':' expected.
src/components/RunningHub/StepResult.tsx(228,102): error TS1005: ',' expected.
src/components/RunningHub/StepResult.tsx(229,15): error TS1005: ',' expected.
src/components/RunningHub/StepResult.tsx(230,21): error TS1005: ':' expected.
src/components/RunningHub/StepResult.tsx(230,56): error TS1005: ',' expected.
src/components/RunningHub/StepResult.tsx(232,11): error TS1005: ',' expected.
src/components/RunningHub/StepResult.tsx(232,13): error TS1005: 'try' expected.
src/components/RunningHub/StepResult.tsx(239,7): error TS1472: 'catch' or 'finally' expected.
src/components/RunningHub/StepResult.tsx(254,7): error TS1005: 'try' expected.
src/components/RunningHub/StepResult.tsx(258,4): error TS1472: 'catch' or 'finally' expected.
src/components/RunningHub/StepResult.tsx(358,12): error TS17008: JSX element 'p' has no corresponding closing tag.
src/components/RunningHub/StepResult.tsx(358,94): error TS1382: Unexpected token. Did you mean `{'>'}` or `&gt;`?
src/components/RunningHub/StepResult.tsx(392,93): error TS1127: Invalid character.
src/components/RunningHub/StepResult.tsx(392,95): error TS1381: Unexpected token. Did you mean `{'}'}` or `&rbrace;`?
src/components/RunningHub/StepResult.tsx(635,1): error TS1005: '}' expected.
src/components/RunningHub/StepRunning.tsx(67,30): error TS1127: Invalid character.
src/components/RunningHub/StepRunning.tsx(67,31): error TS1135: Argument expression expected.
src/components/RunningHub/StepRunning.tsx(67,33): error TS1135: Argument expression expected.
src/components/RunningHub/StepRunning.tsx(67,34): error TS1127: Invalid character.
src/components/RunningHub/StepRunning.tsx(67,35): error TS1135: Argument expression expected.
src/components/RunningHub/StepRunning.tsx(91,52): error TS1005: ',' expected.
src/components/RunningHub/StepRunning.tsx(91,53): error TS1005: ',' expected.
src/components/RunningHub/StepRunning.tsx(91,60): error TS1005: ',' expected.
src/components/RunningHub/StepRunning.tsx(91,63): error TS1005: ',' expected.
src/components/RunningHub/StepRunning.tsx(91,64): error TS1161: Unterminated regular expression literal.
src/components/RunningHub/StepRunning.tsx(91,102): error TS1005: ';' expected.
src/components/RunningHub/StepRunning.tsx(113,49): error TS1002: Unterminated string literal.
src/components/RunningHub/StepRunning.tsx(114,29): error TS1005: ',' expected.
src/components/RunningHub/StepRunning.tsx(114,57): error TS1005: ')' expected.
src/components/RunningHub/StepRunning.tsx(117,23): error TS1005: ',' expected.
src/components/RunningHub/StepRunning.tsx(117,28): error TS1389: 'if' is not allowed as a variable declaration name.
src/components/RunningHub/StepRunning.tsx(142,17): error TS1128: Declaration or statement expected.
src/components/RunningHub/StepRunning.tsx(142,19): error TS1005: 'try' expected.
src/components/RunningHub/StepRunning.tsx(146,13): error TS1128: Declaration or statement expected.
src/components/RunningHub/StepRunning.tsx(150,9): error TS1128: Declaration or statement expected.
src/components/RunningHub/StepRunning.tsx(150,11): error TS1005: 'try' expected.
src/components/RunningHub/StepRunning.tsx(156,5): error TS1128: Declaration or statement expected.
src/components/RunningHub/StepRunning.tsx(170,3): error TS1128: Declaration or statement expected.
src/components/RunningHub/StepRunning.tsx(170,4): error TS1128: Declaration or statement expected.
src/components/RunningHub/StepRunning.tsx(170,8): error TS1005: ';' expected.
src/components/RunningHub/StepRunning.tsx(177,95): error TS1002: Unterminated string literal.
src/components/RunningHub/StepRunning.tsx(178,9): error TS1005: '}' expected.
src/components/RunningHub/StepRunning.tsx(198,46): error TS1002: Unterminated string literal.
src/components/RunningHub/StepRunning.tsx(199,11): error TS1005: '}' expected.
src/components/RunningHub/StepRunning.tsx(199,42): error TS1002: Unterminated string literal.
src/components/RunningHub/StepRunning.tsx(200,11): error TS1005: '}' expected.
src/components/RunningHub/StepRunning.tsx(200,43): error TS1002: Unterminated string literal.
src/components/RunningHub/StepRunning.tsx(201,11): error TS1005: '}' expected.
src/components/RunningHub/StepRunning.tsx(207,48): error TS1002: Unterminated string literal.
src/components/RunningHub/StepRunning.tsx(208,11): error TS1005: '}' expected.
src/components/RunningHub/StepRunning.tsx(268,1): error TS1128: Declaration or statement expected.
src/components/RunningHub/TaskFloater.tsx(12,31): error TS1005: ';' expected.
src/components/RunningHub/TaskFloater.tsx(12,41): error TS1109: Expression expected.
src/components/RunningHub/TaskFloater.tsx(12,61): error TS1005: ';' expected.
src/components/RunningHub/TaskFloater.tsx(12,62): error TS1127: Invalid character.
src/components/RunningHub/TaskFloater.tsx(151,24): error TS1005: ';' expected.
src/components/RunningHub/TaskFloater.tsx(151,39): error TS1443: Module declaration names may only use ' or " quoted strings.
src/components/RunningHub/TaskFloater.tsx(152,23): error TS1434: Unexpected keyword or identifier.
src/components/RunningHub/TaskFloater.tsx(152,38): error TS1443: Module declaration names may only use ' or " quoted strings.
src/components/RunningHub/TaskFloater.tsx(192,46): error TS1005: ';' expected.
src/components/RunningHub/TaskFloater.tsx(192,63): error TS1005: ';' expected.
src/components/RunningHub/TaskFloater.tsx(192,86): error TS1005: ';' expected.
src/components/RunningHub/TaskFloater.tsx(192,94): error TS1351: An identifier or keyword cannot immediately follow a numeric literal.
src/components/RunningHub/TaskFloater.tsx(192,113): error TS1005: ';' expected.
src/components/RunningHub/TaskFloater.tsx(192,122): error TS1351: An identifier or keyword cannot immediately follow a numeric literal.
src/components/RunningHub/TaskFloater.tsx(192,141): error TS1005: ';' expected.
src/components/RunningHub/TaskFloater.tsx(192,156): error TS1005: ';' expected.
src/components/RunningHub/TaskFloater.tsx(192,169): error TS1005: ';' expected.
src/components/RunningHub/TaskFloater.tsx(192,203): error TS1434: Unexpected keyword or identifier.
src/components/RunningHub/TaskFloater.tsx(196,33): error TS1005: ';' expected.
src/components/RunningHub/TaskFloater.tsx(196,51): error TS1005: ';' expected.
src/components/RunningHub/TaskFloater.tsx(196,57): error TS1005: ';' expected.
src/components/RunningHub/TaskFloater.tsx(196,61): error TS1005: ';' expected.
src/components/RunningHub/TaskFloater.tsx(196,78): error TS1005: ';' expected.
src/components/RunningHub/TaskFloater.tsx(196,96): error TS1005: ';' expected.
src/components/RunningHub/TaskFloater.tsx(196,156): error TS1005: ';' expected.
src/components/RunningHub/TaskFloater.tsx(199,38): error TS1005: ';' expected.
src/components/RunningHub/TaskFloater.tsx(199,52): error TS1005: ';' expected.
src/components/RunningHub/TaskFloater.tsx(199,57): error TS1005: ';' expected.
src/components/RunningHub/TaskFloater.tsx(199,68): error TS1005: ';' expected.
src/components/RunningHub/TaskFloater.tsx(199,86): error TS1005: ';' expected.
src/components/RunningHub/TaskFloater.tsx(199,101): error TS1005: ';' expected.
src/components/RunningHub/TaskFloater.tsx(199,111): error TS1005: ';' expected.
src/components/RunningHub/TaskFloater.tsx(208,47): error TS1005: ';' expected.
src/components/RunningHub/TaskFloater.tsx(208,72): error TS1005: ';' expected.
src/components/RunningHub/TaskFloater.tsx(208,76): error TS1005: ';' expected.
src/components/RunningHub/TaskFloater.tsx(208,80): error TS1005: ';' expected.
src/components/RunningHub/TaskFloater.tsx(208,144): error TS1005: ';' expected.
src/components/RunningHub/TaskFloater.tsx(208,152): error TS1351: An identifier or keyword cannot immediately follow a numeric literal.
src/components/RunningHub/TaskFloater.tsx(208,156): error TS1005: ';' expected.
src/components/RunningHub/TaskFloater.tsx(208,166): error TS1005: ';' expected.
src/components/RunningHub/TaskFloater.tsx(208,184): error TS1005: ';' expected.
src/components/RunningHub/TaskFloater.tsx(208,199): error TS1005: ';' expected.
src/components/RunningHub/TaskFloater.tsx(208,212): error TS1005: ';' expected.
src/components/RunningHub/TaskFloater.tsx(208,221): error TS1005: ';' expected.
src/components/RunningHub/TaskFloater.tsx(208,238): error TS1005: ';' expected.
src/components/RunningHub/TaskFloater.tsx(218,54): error TS1005: ';' expected.
src/components/RunningHub/TaskFloater.tsx(218,70): error TS1128: Declaration or statement expected.
src/components/RunningHub/TaskFloater.tsx(218,71): error TS1127: Invalid character.
src/components/RunningHub/TaskFloater.tsx(218,72): error TS1127: Invalid character.
src/components/RunningHub/TaskFloater.tsx(218,74): error TS1127: Invalid character.
src/components/RunningHub/TaskFloater.tsx(218,76): error TS1443: Module declaration names may only use ' or " quoted strings.
src/components/RunningHub/TaskFloater.tsx(220,54): error TS1434: Unexpected keyword or identifier.
src/components/RunningHub/TaskFloater.tsx(220,70): error TS1128: Declaration or statement expected.
src/components/RunningHub/TaskFloater.tsx(220,71): error TS1127: Invalid character.
src/components/RunningHub/TaskFloater.tsx(220,72): error TS1109: Expression expected.
src/components/RunningHub/TaskFloater.tsx(220,74): error TS1127: Invalid character.
src/components/RunningHub/TaskFloater.tsx(220,76): error TS1128: Declaration or statement expected.
src/components/RunningHub/TaskFloater.tsx(277,34): error TS1005: ':' expected.
src/components/RunningHub/TaskFloater.tsx(277,39): error TS1005: ';' expected.
src/components/RunningHub/TaskFloater.tsx(277,44): error TS1005: ';' expected.
src/components/RunningHub/TaskFloater.tsx(277,55): error TS1005: ';' expected.
src/components/RunningHub/TaskFloater.tsx(277,73): error TS1005: ';' expected.
src/components/RunningHub/TaskFloater.tsx(277,88): error TS1005: ';' expected.
src/components/RunningHub/TaskFloater.tsx(277,97): error TS1005: ';' expected.
src/components/RunningHub/TaskFloater.tsx(294,43): error TS1005: ';' expected.
src/components/RunningHub/TaskFloater.tsx(294,51): error TS1005: ';' expected.
src/components/RunningHub/TaskFloater.tsx(294,61): error TS1005: ';' expected.
src/components/RunningHub/TaskFloater.tsx(294,66): error TS1005: ';' expected.
src/components/RunningHub/TaskFloater.tsx(294,73): error TS1005: ';' expected.
src/components/RunningHub/TaskFloater.tsx(294,81): error TS1434: Unexpected keyword or identifier.
src/components/RunningHub/TaskFloater.tsx(302,70): error TS1127: Invalid character.
src/components/RunningHub/TaskFloater.tsx(302,71): error TS1128: Declaration or statement expected.
src/components/RunningHub/TaskFloater.tsx(302,75): error TS1005: ';' expected.
src/components/RunningHub/TaskFloater.tsx(330,50): error TS1005: ';' expected.
src/components/RunningHub/TaskFloater.tsx(330,66): error TS1109: Expression expected.
src/components/RunningHub/TaskFloater.tsx(411,1): error TS1160: Unterminated template literal.
src/components/RunningHub/ToolsModal.tsx(32,50): error TS1002: Unterminated string literal.
src/components/RunningHub/ToolsModal.tsx(33,5): error TS1005: ',' expected.
src/components/RunningHub/ToolsModal.tsx(84,62): error TS1002: Unterminated string literal.
src/components/RunningHub/ToolsModal.tsx(85,17): error TS1005: '}' expected.
src/components/RunningHub/ToolsModal.tsx(87,86): error TS1002: Unterminated string literal.
src/components/RunningHub/ToolsModal.tsx(88,17): error TS1005: '}' expected.
src/components/RunningHub/UpdateNotification.tsx(93,26): error TS17008: JSX element 'h3' has no corresponding closing tag.
src/components/RunningHub/UpdateNotification.tsx(93,81): error TS1382: Unexpected token. Did you mean `{'>'}` or `&gt;`?
src/components/RunningHub/UpdateNotification.tsx(154,26): error TS17008: JSX element 'p' has no corresponding closing tag.
src/components/RunningHub/UpdateNotification.tsx(154,96): error TS1382: Unexpected token. Did you mean `{'>'}` or `&gt;`?
